
Belen@DESKTOP-EK91E7A MINGW64 ~/Desktop/DH
$ mkdir repaso_clase1y2

Belen@DESKTOP-EK91E7A MINGW64 ~/Desktop/DH
$ cd repaso_clase1y2

Belen@DESKTOP-EK91E7A MINGW64 ~/Desktop/DH/repaso_clase1y2
$ mkdir historia_de_la_contabilidad que_haremos_hoy servidores interfaces_de_usuario infraestructura

Belen@DESKTOP-EK91E7A MINGW64 ~/Desktop/DH/repaso_clase1y2
$ cd repaso_clase1y2
bash: cd: repaso_clase1y2: No such file or directory

Belen@DESKTOP-EK91E7A MINGW64 ~/Desktop/DH/repaso_clase1y2
$ touch ./historia_de_la_contabilidad/repaso.txt ./que_haremos_hoy/repaso.html ./servidores/repaso.pdf ./interfaces_de_usuario/repaso.mp3 ./infraetructura/repaso.css
touch: cannot touch './infraetructura/repaso.css': No such file or directory

Belen@DESKTOP-EK91E7A MINGW64 ~/Desktop/DH/repaso_clase1y2
$ touch ./historia_de_la_contabilidad/repaso.txt ./que_haremos_hoy/repaso.html ./servidores/repaso.pdf ./interfaces_de_usuario/repaso.mp3 ./infraestructura/repaso.css

Belen@DESKTOP-EK91E7A MINGW64 ~/Desktop/DH/repaso_clase1y2
$ ../
bash: ../: Is a directory

Belen@DESKTOP-EK91E7A MINGW64 ~/Desktop/DH/repaso_clase1y2
$ cd ../

Belen@DESKTOP-EK91E7A MINGW64 ~/Desktop/DH
$ ls -R
.:
repaso_clase1y2/

./repaso_clase1y2:
historia_de_la_contabilidad/  interfaces_de_usuario/  servidores/
infraestructura/              que_haremos_hoy/

./repaso_clase1y2/historia_de_la_contabilidad:
repaso.txt

./repaso_clase1y2/infraestructura:
repaso.css

./repaso_clase1y2/interfaces_de_usuario:
repaso.mp3

./repaso_clase1y2/que_haremos_hoy:
repaso.html

./repaso_clase1y2/servidores:
repaso.pdf

Belen@DESKTOP-EK91E7A MINGW64 ~/Desktop/DH
$
