elian@DESKTOP-MOPVOBJ MINGW64 ~/OneDrive/Escritorio/DIGITAL HOUSE/CARPETA/MATERIAS/INTRODUCCIÓN A LA INFORMÁTICA 1 - C3/MÓDULO 1/Clase 3 (main)
$ pwd
/c/Users/elian/OneDrive/Escritorio/DIGITAL HOUSE/CARPETA/MATERIAS/INTRODUCCIÓN A LA INFORMÁTICA 1 - C3/MÓDULO 1/Clase 3

elian@DESKTOP-MOPVOBJ MINGW64 ~/OneDrive/Escritorio/DIGITAL HOUSE/CARPETA/MATERIAS/INTRODUCCIÓN A LA INFORMÁTICA 1 - C3/MÓDULO 1/Clase 3 (main)
$ mkdir "Películas"

elian@DESKTOP-MOPVOBJ MINGW64 ~/OneDrive/Escritorio/DIGITAL HOUSE/CARPETA/MATERIAS/INTRODUCCIÓN A LA INFORMÁTICA 1 - C3/MÓDULO 1/Clase 3 (main)
$ cd Pel*

elian@DESKTOP-MOPVOBJ MINGW64 ~/OneDrive/Escritorio/DIGITAL HOUSE/CARPETA/MATERIAS/INTRODUCCIÓN A LA INFORMÁTICA 1 - C3/MÓDULO 1/Clase 3/Películas (main)
$ mkdir Infantiles Accion Terror Comedia Romanticas

elian@DESKTOP-MOPVOBJ MINGW64 ~/OneDrive/Escritorio/DIGITAL HOUSE/CARPETA/MATERIAS/INTRODUCCIÓN A LA INFORMÁTICA 1 - C3/MÓDULO 1/Clase 3/Películas (main)
$ ls
Accion/  Comedia/  Infantiles/  Romanticas/  Terror/

elian@DESKTOP-MOPVOBJ MINGW64 ~/OneDrive/Escritorio/DIGITAL HOUSE/CARPETA/MATERIAS/INTRODUCCIÓN A LA INFORMÁTICA 1 - C3/MÓDULO 1/Clase 3/Películas (main)
$ cd In*

elian@DESKTOP-MOPVOBJ MINGW64 ~/OneDrive/Escritorio/DIGITAL HOUSE/CARPETA/MATERIAS/INTRODUCCIÓN A LA INFORMÁTICA 1 - C3/MÓDULO 1/Clase 3/Películas/Infantiles (main)
$ pwd
/c/Users/elian/OneDrive/Escritorio/DIGITAL HOUSE/CARPETA/MATERIAS/INTRODUCCIÓN A LA INFORMÁTICA 1 - C3/MÓDULO 1/Clase 3/Películas/Infantiles

elian@DESKTOP-MOPVOBJ MINGW64 ~/OneDrive/Escritorio/DIGITAL HOUSE/CARPETA/MATERIAS/INTRODUCCIÓN A LA INFORMÁTICA 1 - C3/MÓDULO 1/Clase 3/Películas/Infantiles (main)
$ touch Intenzamente.txt "El juego del miedo.xls" "Rapido y Furioso.xls" Titanic.jpg

elian@DESKTOP-MOPVOBJ MINGW64 ~/OneDrive/Escritorio/DIGITAL HOUSE/CARPETA/MATERIAS/INTRODUCCIÓN A LA INFORMÁTICA 1 - C3/MÓDULO 1/Clase 3/Películas/Infantiles (main)
$ cd ../

elian@DESKTOP-MOPVOBJ MINGW64 ~/OneDrive/Escritorio/DIGITAL HOUSE/CARPETA/MATERIAS/INTRODUCCIÓN A LA INFORMÁTICA 1 - C3/MÓDULO 1/Clase 3/Películas (main)
$ ls
Accion/  Comedia/  Infantiles/  Romanticas/  Terror/

elian@DESKTOP-MOPVOBJ MINGW64 ~/OneDrive/Escritorio/DIGITAL HOUSE/CARPETA/MATERIAS/INTRODUCCIÓN A LA INFORMÁTICA 1 - C3/MÓDULO 1/Clase 3/Películas (main)
$ cd Acc*

elian@DESKTOP-MOPVOBJ MINGW64 ~/OneDrive/Escritorio/DIGITAL HOUSE/CARPETA/MATERIAS/INTRODUCCIÓN A LA INFORMÁTICA 1 - C3/MÓDULO 1/Clase 3/Películas/Accion (main)
$ touch "Smooth criminal.txt" "Diario de una pasion.js" "El hexorcista.xls" "Cars.jpg"

elian@DESKTOP-MOPVOBJ MINGW64 ~/OneDrive/Escritorio/DIGITAL HOUSE/CARPETA/MATERIAS/INTRODUCCIÓN A LA INFORMÁTICA 1 - C3/MÓDULO 1/Clase 3/Películas/Accion (main)
$ cd ../

elian@DESKTOP-MOPVOBJ MINGW64 ~/OneDrive/Escritorio/DIGITAL HOUSE/CARPETA/MATERIAS/INTRODUCCIÓN A LA INFORMÁTICA 1 - C3/MÓDULO 1/Clase 3/Películas (main)
$ cd Ter*

elian@DESKTOP-MOPVOBJ MINGW64 ~/OneDrive/Escritorio/DIGITAL HOUSE/CARPETA/MATERIAS/INTRODUCCIÓN A LA INFORMÁTICA 1 - C3/MÓDULO 1/Clase 3/Películas/Terror (main)
$ touch "La dama y el bagavundo.png" "Yo antes de ti.xls" "Que paso ayer.pdf" "We will rock you.js"

elian@DESKTOP-MOPVOBJ MINGW64 ~/OneDrive/Escritorio/DIGITAL HOUSE/CARPETA/MATERIAS/INTRODUCCIÓN A LA INFORMÁTICA 1 - C3/MÓDULO 1/Clase 3/Películas/Terror (main)
$ cd ../

elian@DESKTOP-MOPVOBJ MINGW64 ~/OneDrive/Escritorio/DIGITAL HOUSE/CARPETA/MATERIAS/INTRODUCCIÓN A LA INFORMÁTICA 1 - C3/MÓDULO 1/Clase 3/Películas (main)
$ ls
Accion/  Comedia/  Infantiles/  Romanticas/  Terror/

elian@DESKTOP-MOPVOBJ MINGW64 ~/OneDrive/Escritorio/DIGITAL HOUSE/CARPETA/MATERIAS/INTRODUCCIÓN A LA INFORMÁTICA 1 - C3/MÓDULO 1/Clase 3/Películas (main)
$ cd Com
bash: cd: Com: No such file or directory

elian@DESKTOP-MOPVOBJ MINGW64 ~/OneDrive/Escritorio/DIGITAL HOUSE/CARPETA/MATERIAS/INTRODUCCIÓN A LA INFORMÁTICA 1 - C3/MÓDULO 1/Clase 3/Películas (main)
$ cd Com*

elian@DESKTOP-MOPVOBJ MINGW64 ~/OneDrive/Escritorio/DIGITAL HOUSE/CARPETA/MATERIAS/INTRODUCCIÓN A LA INFORMÁTICA 1 - C3/MÓDULO 1/Clase 3/Películas/Comedia (main)
$ touch "Madagaskar.js" "Orgullo y prejuicio.txt" "IT.xls" "Mision imposible.png"

elian@DESKTOP-MOPVOBJ MINGW64 ~/OneDrive/Escritorio/DIGITAL HOUSE/CARPETA/MATERIAS/INTRODUCCIÓN A LA INFORMÁTICA 1 - C3/MÓDULO 1/Clase 3/Películas/Comedia (main)
$ cd ../

elian@DESKTOP-MOPVOBJ MINGW64 ~/OneDrive/Escritorio/DIGITAL HOUSE/CARPETA/MATERIAS/INTRODUCCIÓN A LA INFORMÁTICA 1 - C3/MÓDULO 1/Clase 3/Películas (main)
$ cd Rom*

elian@DESKTOP-MOPVOBJ MINGW64 ~/OneDrive/Escritorio/DIGITAL HOUSE/CARPETA/MATERIAS/INTRODUCCIÓN A LA INFORMÁTICA 1 - C3/MÓDULO 1/Clase 3/Películas/Romanticas (main)
$ touch Pocahontas.jpg anabelle.js "Los vengadores.js" "La mascara.js"

elian@DESKTOP-MOPVOBJ MINGW64 ~/OneDrive/Escritorio/DIGITAL HOUSE/CARPETA/MATERIAS/INTRODUCCIÓN A LA INFORMÁTICA 1 - C3/MÓDULO 1/Clase 3/Películas/Romanticas (main)
$ ACTIVIDAD 8
bash: ACTIVIDAD: command not found

elian@DESKTOP-MOPVOBJ MINGW64 ~/OneDrive/Escritorio/DIGITAL HOUSE/CARPETA/MATERIAS/INTRODUCCIÓN A LA INFORMÁTICA 1 - C3/MÓDULO 1/Clase 3/Películas/Romanticas (main)
$ CD ../
bash: CD: command not found

elian@DESKTOP-MOPVOBJ MINGW64 ~/OneDrive/Escritorio/DIGITAL HOUSE/CARPETA/MATERIAS/INTRODUCCIÓN A LA INFORMÁTICA 1 - C3/MÓDULO 1/Clase 3/Películas/Romanticas (main)
$ cd ../

elian@DESKTOP-MOPVOBJ MINGW64 ~/OneDrive/Escritorio/DIGITAL HOUSE/CARPETA/MATERIAS/INTRODUCCIÓN A LA INFORMÁTICA 1 - C3/MÓDULO 1/Clase 3/Películas (main)
$ pwd
/c/Users/elian/OneDrive/Escritorio/DIGITAL HOUSE/CARPETA/MATERIAS/INTRODUCCIÓN A LA INFORMÁTICA 1 - C3/MÓDULO 1/Clase 3/Películas

elian@DESKTOP-MOPVOBJ MINGW64 ~/OneDrive/Escritorio/DIGITAL HOUSE/CARPETA/MATERIAS/INTRODUCCIÓN A LA INFORMÁTICA 1 - C3/MÓDULO 1/Clase 3/Películas (main)
$ ls -R
.:
Accion/  Comedia/  Infantiles/  Romanticas/  Terror/

./Accion:
 Cars.jpg  'Diario de una pasion.js'  'El hexorcista.xls'  'Smooth criminal.txt'

./Comedia:
 IT.xls   Madagaskar.js  'Mision imposible.png'  'Orgullo y prejuicio.txt'

./Infantiles:
'El juego del miedo.xls'   Intenzamente.txt  'Rapido y Furioso.xls'   Titanic.jpg

./Romanticas:
 anabelle.js  'La mascara.js'  'Los vengadores.js'   Pocahontas.jpg

./Terror:
'La dama y el bagavundo.png'  'Que paso ayer.pdf'  'We will rock you.js'  'Yo antes de ti.xls'

elian@DESKTOP-MOPVOBJ MINGW64 ~/OneDrive/Escritorio/DIGITAL HOUSE/CARPETA/MATERIAS/INTRODUCCIÓN A LA INFORMÁTICA 1 - C3/MÓDULO 1/Clase 3/Películas (main)
$
