Belen@DESKTOP-EK91E7A MINGW64 ~/Desktop/DH
$ mkdir Peliculas
}
Belen@DESKTOP-EK91E7A MINGW64 ~/Desktop/DH
$ cd Peliculas

Belen@DESKTOP-EK91E7A MINGW64 ~/Desktop/DH/Peliculas
$ mkdir Infantiles Accion Terror Comedia Romanticas

Belen@DESKTOP-EK91E7A MINGW64 ~/Desktop/DH/Peliculas
$ touch ./Infantiles/Intenzamente.txt "El juego del miedo.xls" "Rapido y furioso.pdf" Titanic.jpg

Belen@DESKTOP-EK91E7A MINGW64 ~/Desktop/DH/Peliculas
$ touch ./Infantiles/Intenzamente.txt ./Infantiles/"El juego del miedo.xls" ./Infantiles/"Rapido y furioso.pdf" ./Infantiles/Titanic.jpg

Belen@DESKTOP-EK91E7A MINGW64 ~/Desktop/DH/Peliculas
$ touch ./Accion/"Smooth criminal.txt" ./Accion/"Diario de una pasion.js" ./Accion/"El hexorcista.xls" ./Accion/Cars.jpg

Belen@DESKTOP-EK91E7A MINGW64 ~/Desktop/DH/Peliculas
$ touch ./Terror/"La Dama y el bagavundo.png" ./Terror/"Yo antes de ti" ./"Que paso ayer" ./Terror/"Well will rock you.js"

Belen@DESKTOP-EK91E7A MINGW64 ~/Desktop/DH/Peliculas
$ touch ./Comedia/Madagaskar.js ./Comedia/"Orgullo y prejuicio.txt" ./Comedia/It.xls ./Comedia/"Mision imposible.png"

Belen@DESKTOP-EK91E7A MINGW64 ~/Desktop/DH/Peliculas
$ touch ./Romanticas/Pocahontas ./Romanticas/Anabelle.js ./Romanticas/"Los vengadores.js" ./Romanticas/"La mascara.js"

Belen@DESKTOP-EK91E7A MINGW64 ~/Desktop/DH/Peliculas
$ ls -R
.:
 Accion/   Comedia/   Infantiles/  'Que paso ayer'   Romanticas/   Terror/

./Accion:
 Cars.jpg                  'El hexorcista.xls'
'Diario de una pasion.js'  'Smooth criminal.txt'

./Comedia:
 It.xls   Madagaskar.js  'Mision imposible.png'  'Orgullo y prejuicio.txt'

./Infantiles:
'El juego del miedo.xls'  'Rapido y furioso.pdf'
 Intenzamente.txt          Titanic.jpg

./Romanticas:
 Anabelle.js  'La mascara.js'  'Los vengadores.js'   Pocahontas

./Terror:
'La Dama y el bagavundo.png'  'Well will rock you.js'  'Yo antes de ti'

Belen@DESKTOP-EK91E7A MINGW64 ~/Desktop/DH/Peliculas
$
