
aguse@AgustinGimenez MINGW64 ~/OneDrive/Documentos/CTD
$ mkdir Peliculas

aguse@AgustinGimenez MINGW64 ~/OneDrive/Documentos/CTD
$ cd Peliculas

aguse@AgustinGimenez MINGW64 ~/OneDrive/Documentos/CTD/Peliculas
$ mkdir Infantiles Accion Terror Comedia Romanticas

aguse@AgustinGimenez MINGW64 ~/OneDrive/Documentos/CTD/Peliculas
$ ls
Accion/  Comedia/  Infantiles/  Romanticas/  Terror/

aguse@AgustinGimenez MINGW64 ~/OneDrive/Documentos/CTD/Peliculas
$ touch ./Infantiles/Intenzamente.txt ./Infantiles/"El juego del miedo.xls" ./Infantiles/"Rapido y furioso.pdf" ./Infantiles/Titanic.jpg

aguse@AgustinGimenez MINGW64 ~/OneDrive/Documentos/CTD/Peliculas
$ cd Infantiles

aguse@AgustinGimenez MINGW64 ~/OneDrive/Documentos/CTD/Peliculas/Infantiles
$ ls
'El juego del miedo.xls'  'Rapido y furioso.pdf'
 Intenzamente.txt          Titanic.jpg

aguse@AgustinGimenez MINGW64 ~/OneDrive/Documentos/CTD/Peliculas/Infantiles
$ cd ../

aguse@AgustinGimenez MINGW64 ~/OneDrive/Documentos/CTD/Peliculas
$ ls
Accion/  Comedia/  Infantiles/  Romanticas/  Terror/

aguse@AgustinGimenez MINGW64 ~/OneDrive/Documentos/CTD/Peliculas
$ cd Accion

aguse@AgustinGimenez MINGW64 ~/OneDrive/Documentos/CTD/Peliculas/Accion
$ touch "Smooth criminal.txt" "Diario de una pasion.js" "El hexorcista.xls" Cars.jpg

aguse@AgustinGimenez MINGW64 ~/OneDrive/Documentos/CTD/Peliculas/Accion
$ ls
 Cars.jpg                  'El hexorcista.xls'
'Diario de una pasion.js'  'Smooth criminal.txt'

aguse@AgustinGimenez MINGW64 ~/OneDrive/Documentos/CTD/Peliculas/Accion
$ cd ../

aguse@AgustinGimenez MINGW64 ~/OneDrive/Documentos/CTD/Peliculas
$ cd Terror

aguse@AgustinGimenez MINGW64 ~/OneDrive/Documentos/CTD/Peliculas/Terror
$ touch "La dama y el bagavundo.png" "Yo antes de ti.xls" "Que paso ayer.pdf" "We will rock you.js"

aguse@AgustinGimenez MINGW64 ~/OneDrive/Documentos/CTD/Peliculas/Terror
$ ls
'La dama y el bagavundo.png'  'We will rock you.js'
'Que paso ayer.pdf'           'Yo antes de ti.xls'

aguse@AgustinGimenez MINGW64 ~/OneDrive/Documentos/CTD/Peliculas/Terror
$ cd ../

aguse@AgustinGimenez MINGW64 ~/OneDrive/Documentos/CTD/Peliculas
$ cd Comedia

aguse@AgustinGimenez MINGW64 ~/OneDrive/Documentos/CTD/Peliculas/Comedia
$ touch Madagaskar.js "Orgullo y prejuicio.txt" IT.xls "Mision imposible.png"

aguse@AgustinGimenez MINGW64 ~/OneDrive/Documentos/CTD/Peliculas/Comedia
$ ls
 IT.xls   Madagaskar.js  'Mision imposible.png'  'Orgullo y prejuicio.txt'

aguse@AgustinGimenez MINGW64 ~/OneDrive/Documentos/CTD/Peliculas/Comedia
$ cd ../

aguse@AgustinGimenez MINGW64 ~/OneDrive/Documentos/CTD/Peliculas
$ cd Romantica
bash: cd: Romantica: No such file or directory

aguse@AgustinGimenez MINGW64 ~/OneDrive/Documentos/CTD/Peliculas
$ ls
Accion/  Comedia/  Infantiles/  Romanticas/  Terror/

aguse@AgustinGimenez MINGW64 ~/OneDrive/Documentos/CTD/Peliculas
$ cd Romanticas

aguse@AgustinGimenez MINGW64 ~/OneDrive/Documentos/CTD/Peliculas/Romanticas
$ touch Pocahontas.jpg Annabelle.js "Los vengadores.js" "La mascara.js"

aguse@AgustinGimenez MINGW64 ~/OneDrive/Documentos/CTD/Peliculas/Romanticas
$ ls
 Annabelle.js  'La mascara.js'  'Los vengadores.js'   Pocahontas.jpg

aguse@AgustinGimenez MINGW64 ~/OneDrive/Documentos/CTD/Peliculas/Romanticas
$ cd ../

aguse@AgustinGimenez MINGW64 ~/OneDrive/Documentos/CTD/Peliculas
$ ls -R
.:
Accion/  Comedia/  Infantiles/  Romanticas/  Terror/

./Accion:
 Cars.jpg                  'El hexorcista.xls'
'Diario de una pasion.js'  'Smooth criminal.txt'

./Comedia:
 IT.xls   Madagaskar.js  'Mision imposible.png'  'Orgullo y prejuicio.txt'

./Infantiles:
'El juego del miedo.xls'  'Rapido y furioso.pdf'
 Intenzamente.txt          Titanic.jpg

./Romanticas:
 Annabelle.js  'La mascara.js'  'Los vengadores.js'   Pocahontas.jpg

./Terror:
'La dama y el bagavundo.png'  'We will rock you.js'
'Que paso ayer.pdf'           'Yo antes de ti.xls'

aguse@AgustinGimenez MINGW64 ~/OneDrive/Documentos/CTD/Peliculas
$ cd ../

aguse@AgustinGimenez MINGW64 ~/OneDrive/Documentos/CTD
$ mkdir ./Peliculas/Romanticas/Prueba

aguse@AgustinGimenez MINGW64 ~/OneDrive/Documentos/CTD
$ cd ./Peliculas/Romanticas

aguse@AgustinGimenez MINGW64 ~/OneDrive/Documentos/CTD/Peliculas/Romanticas
$ ls
 Annabelle.js    'Los vengadores.js'   Prueba/
'La mascara.js'   Pocahontas.jpg

aguse@AgustinGimenez MINGW64 ~/OneDrive/Documentos/CTD/Peliculas/Romanticas
$ cd ../

aguse@AgustinGimenez MINGW64 ~/OneDrive/Documentos/CTD/Peliculas
$ cd ../

aguse@AgustinGimenez MINGW64 ~/OneDrive/Documentos/CTD
$ cd ./Peliculas/Romanticas

aguse@AgustinGimenez MINGW64 ~/OneDrive/Documentos/CTD/Peliculas/Romanticas
$ mkdir ../Accion/Prueba2

aguse@AgustinGimenez MINGW64 ~/OneDrive/Documentos/CTD/Peliculas/Romanticas
$ cd ../

aguse@AgustinGimenez MINGW64 ~/OneDrive/Documentos/CTD/Peliculas
$ cd Accion

aguse@AgustinGimenez MINGW64 ~/OneDrive/Documentos/CTD/Peliculas/Accion
$ ls
 Cars.jpg                  'El hexorcista.xls'  'Smooth criminal.txt'
'Diario de una pasion.js'   Prueba2/

aguse@AgustinGimenez MINGW64 ~/OneDrive/Documentos/CTD/Peliculas/Accion
$
